Morrowind.esm
Tribunal.esm
Bloodmoon.esm
Morrowind Patch v1.6.4 (WIP).esm
Morrowind Patch v1.6.3.esm
Texture Fix 1.8.esm
Texture Fix - Bloodmoon 1.1.esm
Better Heads.esm
Better Heads Tribunal addon.esm
Better Heads Bloodmoon addon.esm
Beryl's_Head_Replacer_v1.0.esm
abotWaterLife.esm
Pegas Horse Ranch v3.1.esm
Morrowind Advanced.esm
Book Rotate.esm
TR_Data.esm
TR_Map1.esm
TR_Map2.esm
GMST Vaccine.esp
~~~~~ Patch ~~~~~~~~~~~~~~~~~~~~~~~.esp
UUMPP Bloated Morrowind Patch v1.6.4.esp
Text Patch for Morrowind with Tribunal & Bloodmoon.esp
MW_Adv_Required.esp
Book Rotate - Tribunal v5.3.esp
Book Rotate - Bloodmoon v5.3.esp
Less Lore.esp
LGNPC_NoLore_v0_83.esp
lfx_nerevarine_greetings.esp
lfx_tenpace_tribunal.esp
bm_wolf_greaves_fix.esp
Snow Bear boot fix.esp
Clean_Templar_Pauldron_Fix_v11.esp
shrinetext.esp
HasphatsBooks.esp
TribIntegration-Tweaked (levlist fix).esp
BMExtras (levlist fix).esp
pcc_tr_bm_ingredients_01.esp
lfx_rare_ingredients.esp
lfx_rare_heartwood.esp
BloodmoonAmmoFix.esp
Clean Factor_fix.esp
cattle_fix.esp
~~~~~ Tweak ~~~~~~~~~~~~~~~~~~~~~~.esp
Pelagiad Fix.esp
Barb Fix.esp
Grave Goods.esp
Hide The Skooma.esp
Riekling Knock Off.esp
Sleep.esp
Sol-Weather Tweak.esp
Stolen Goods Fix.esp
Improved Cursed Items.esp
BAR_MournholdTeleportationFix.esp
SpellFix_No-WGI.esp
Clean Turn Undead Fix.esp
Turn Undead Addon (TR).esp
Turn Undead Addon (BM).esp
Consignment_chests_v2.esp
Immersive Chargen v1.2.esp
~~~~~ GFX ~~~~~~~~~~~~~~~~~~~~~~~~.esp
Clean Vality's Bitter Coast Addon.esp
RealSignposts.esp
DaedricSignposts.esp
Authentic Signs IT 1.1.esp
Clean CB's Gold.esp
Hendalf_Gold_v.1.3_ENG.esp
K_Potion_Upgrade_1.2.esp
Clean moons_soulgems.esp
SirLuthor-Tools.esp
Book Jackets - Morrowind.esp
Book Jackets - Tribunal.esp
Book Jackets - Bloodmoon.esp
Book Jackets - Morrowind - BookRotate.esp
Book Jackets - Tribunal - BookRotate.esp
Book Jackets - Bloodmoon - BookRotate.esp
Clean STA_guides_replacer.esp
Flora Glow 1.0.esp
Meteor.esp
Particle Arrows.esp
~~~~~ Body ~~~~~~~~~~~~~~~~~~~~~~~.esp
Better Bodies.esp
SG-BB-for-beasts.esp
Slof's Better Beasts a.esp
Slof's Better Beasts b.esp
Slof's Civilised Beasts.esp
Slof's Civilised Beasts Tails.esp
Slof's BB neck fix.esp
New Argonian Bodies - Mature.esp
New Khajiit Bodies - Mature.esp
Better Heads Male Argonian Neck Fix.esp
~~~~~ Head ~ Hair ~~~~~~~~~~~~~~~~~~~.esp
Westly's Master Headpack X.esp
UQFsMasterFacePack.esp
Clean Louis_BeautyShop_v1.5.esp
Unofficial_Expansion_for_Louis'_BeautyShop.esp
Louis_HairPack_v1.esp
KS_Ren's_Oblivion_Hair_for_Morrowind_1.0.esp
Corean_Hair_in_Morrowind.esp
Clean Mohawks.esp
Bravo's Argonians  v1.1.esp
Khajiit Faces v2.esp
kf_replace.esp
~~~~~ Dialog ~~~~~~~~~~~~~~~~~~~~~~~.esp
Almalexia_undialog.esp
Solstheim_undialog.esp
Ask the Time.esp
P.R.E. v4.0.esp
Nudity Greeting Expansion v1.2.esp
Clean Companion RPP.esp
Undress For Me.esp
Sleepers-fix.esp
~~~~~ Sound ~~~~~~~~~~~~~~~~~~~~~~.esp
Clean bcsounds(gmst-free).esp
k_weather (louder sounds).esp
k_in_tent.esp
pcc_sotha_sound.esp
bones.esp
~~~~~ Voice ~~~~~~~~~~~~~~~~~~~~~~~.esp
VGreetings.esp
VGreetings-Attack.esp
VGreetings-Flee.esp
VGreetings-Hit.esp
VGreetings-Idle.esp
VGreetings-Thief.esp
Voice-Almalexia_v1.0.esp
Voice-Barilzar.esp
Voice-Dagoth Gares Addon v1.1.esp
Voice-Dagoth Ur Addon v1.0.esp
Voice-Vivec_Tribunal.esp
~~~~~ Creature ~~~~~~~~~~~~~~~~~~~~~.esp
Clean Fireflies.esp
abotGuars.esp
Creatures.esp
CreaturesX.esp
CreaturesXa.esp
Silt_Striders_Are_In_Vvardenfell.esp
Neo's Unique Creatures.esp
Twilight_Flight_1.0.esp
PlayableDremoraV11.esp
~~~~~ NPC ~~~~~~~~~~~~~~~~~~~~~~~~.esp
Clean LCV Schedule Markers.esp
NPC LCV Schedules 03.esp
Clean NPC LCV Locks.esp
Wanderers of Solstheim.esp
~~~~~ Gameplay ~~~~~~~~~~~~~~~~~~~~.esp
Clean Blood and Gore.esp
Clean Blood and Gore Fire damage.esp
Blood and Gore Morrowind-Tribunal add-on.esp
Blood and Gore MW-TB-VGreetings add-on.esp
Blood and Gore BM add-on.esp
Blood and Gore MW Advanced add-on.esp
~~~~~ Alchemy ~ Herbalism ~~~~~~~~~~~~~~.esp
Syc_AtHomeAlchemy.esp
Syc_HerbalismforPurists.esp
Syc_HerbalismforPurists_TB.esp
Syc_HerbalismforPurists_BM.esp
Resources Enhanced v2.esp
tetchy_Resources Enhanced Patch.esp
Advanced Herbalism - TR & BM (flora glow.mge).esp
Advanced Herbalism - TR & BM (flora glow).esp
Bloated Morrowind (adv herbalism).esp
~~~~~ Item ~ Weapon ~~~~~~~~~~~~~~~~~.esp
Clean sg1_alchemy_book.esp
Clean Area Effect Arrows.esp
Clean Marksman Enhanced v1.2.esp
Marksman Enhanced - Area Effect Arrows Adj.esp
tetchy_Backpacks.esp
hunters_achievements_v3.esp
Map - Deluxe.esp
Clean Map - Deluxe - NoQuest.esp
Clean Bottomless Quiver v4.32.esp
Clean PJM Themed bowsets.esp
Clean Hunters rifle v.1.esp
~~~~~ MWE ~~~~~~~~~~~~~~~~~~~~~~~.esp
MWE_Base.esp
MWE_Combat.esp
Clean ACE_Books.esp
ACE_Subtitles.esp
MWE_Blocking.esp
MWE_Journal.esp
MWE_Writing.esp
Dodge_Mod1.11(MWE).esp
Clean MWE_GoldBurden.esp
~~~~~ MGE + MWSE ~~~~~~~~~~~~~~~~~~.esp
zooming bows (v2).esp
Zoom 1.0.esp
Zoom 1.0 MSE + MGE.esp
Night Vision Main 1.0.esp
Night Vision 1.0 MSE+MGE Addon.esp
ObStyleDetectOwner.esp
ToggleSneak.esp
Pursuit Enhanced.esp
Protective Guards.esp
Clean Enhanced Summoning.esp
MGE_Foggy_Weather.esp
~~~~~ Armor ~ Clothes ~~~~~~~~~~~~~~~~.esp
LeFemmArmor.esp
Divine_domina_part_1.esp
Divine_domina_part_2.esp
Divine_domina_part_3_Tribunal.esp
Clean Divine_domina_part_4.esp
Divine_domina_part_5.esp
DM_DB Armor Replacer-ExpRanks.esp
DM_DB Armor Replacer-ExpRanksDDBA.esp
IceNioLivRobeReplacerALL.esp
IceNioLivRobeReplacerPLUS.esp
Better Clothes_v1.2.esp
Better Clothes_v1.2_nac.esp
BetterClothes_Patch.esp
axels_piercings_v2.esp
Clean Wetsuit by Westly.esp
Loincloth_top_ pkg2v2.esp
~~~~~ LGNPC ~~~~~~~~~~~~~~~~~~~~~~.esp
LGNPC_Seyda_Neen_v0_31.esp
LGNPC_AldVelothi_v1_20.esp
Clean LGNPC_MaarGan_v1_10.esp
LGNPC_GnaarMok_v1_10.esp
Clean LGNPC_HlaOad_v1_32.esp
LGNPC_Indarys_Manor_v1_45.esp
LGNPC_Vivec_Redoran_v1_3.esp
LGNPC_Secret_Masters_v1_21.esp
Clean LGNPC_Aldruhn_v1_13.esp
Clean LGNPC_Pelagiad_v1_13.esp
Clean LGNPC_TelMora_v1_11.esp
Clean LGNPC_Khuul_v2_01.esp
Clean LGNPC_VivecFQ_v2_02.esp
~~~~~ Quest ~~~~~~~~~~~~~~~~~~~~~~~.esp
master_index.esp
AshlanderTent.esp
Ultimate Galleon v2.2.esp
Ultimate Galleon ( Pegas ESM Addon ).esp
~~~~~ Misc ~~~~~~~~~~~~~~~~~~~~~~~~.esp
BB_Clothiers_of_Vvardenfell_v1.2.esp
Unofficial Tribunal Ending Movie.esp
112_Vivec_Replacement_v_1.02.esp
112_Vivec_Replacement_v_1.02_Vivec_Only.esp
112_Vivec_Replacement_v_1.02_Arena_Only.esp
~~~~~ Lighting ~~~~~~~~~~~~~~~~~~~~~~.esp
Windows Glow v2.2.esp
Windows Glow v2.2 Arena.esp
tetchy_Windows Glow for CoV.esp
TLM - Ambient Light + Fog Update.esp
TLM - Light Sources (Clearer Lighting).esp
TLM - Light Sources (Natural Water).esp
TLM - Light Sources (Lanterns).esp
TLM - External Lights Ownership.esp
~~~~~ Staging ~~~~~~~~~~~~~~~~~~~~~~.esp
Grass Beta_West Gash.esp
Grass Beta_Ascadian Isles.esp
Grass Beta_Bitter Coast.esp
Grass Beta_Grazelands.esp
flora_kelp_refs.esp
furn_imp_flag_01_mgefix.esp
Pearls Enhanced.esp
Pearls Enhanced - Colored Pearls Add-on.esp
Pearls Enhanced - ResEn patch.esp
Pearls Enhanced - ResEn patch v2.esp
Pearls Enhanced - ResEn2 patch.esp
belladonna.esp
mgebanner_fix.esp
mge_tetchy_earthlydelights.esp
Grass Beta_Tamriel Rebuilt.esp
Pearls Enhanced - HFP patch.esp
Pearls Enhanced - HFP patch v2.esp
~~~~~ Last ~~~~~~~~~~~~~~~~~~~~~~~~.esp
Clean Fashionable Merchants 1.0.esp
DXM_masterindex_journalfix.esp
Clean Book Placement Fix - Morrowind.esp
Clean Book Placement Fix - Tribunal.esp
Clean Book Placement Fix - Bloodmoon.esp
Wrye Patches A.esp
Wrye Patches A1.esp
Wrye Patches B.esp
Wrye Patches C.esp
Wrye Patches C1.esp
Wrye Patches G.esp
Wrye Patches M.esp
Wrye Patches M1.esp
Wrye Patches W.esp
Merged_Objects.esp
Merged_Objects01.esp
Merged_Objects02.esp
Merged_Objects03.esp
Merged_Objects04.esp
Merged_Objects05.esp
Merged_Objects06.esp
Merged_Objects07.esp
Merged_Objects08.esp
Merged_Objects09.esp
Merged_Objects10.esp
Merged_Objects27.esp
Merged_Objects27 Copy.esp
Merged_Objects31.esp
Merged_Objects38.esp
Merged_Objects51.esp
Merged_Objects56.esp
Mashed Lists.esp
~~~~~ Testing ~~~~~~~~~~~~~~~~~~~~~~.esp
SilentCharGen.esp
SkipTutorial1.0.esp
Morrowind Code Patch Showcase.esp
tetchy_FontTest.esp
tetchy_VanityDelayAdj.esp
tetchy_Tweaks.esp
tetchy_Fixes.esp
tetchy_GMSTAdj.esp
tetchy_EnchantmentAdj.esp
tetchy_NewPlayerAnimations.esp
flora_kelp_remover.esp
flora_kelp_int.esp
flora_bc_grass_hider.esp
flora_bc_tree_hider.esp
flora_container_hider.esp
flora_container_int (adv herbalism).esp
flora_container_test.esp
flora_container_test (herbalism).esp
~~~~~ Very Last ~~~~~~~~~~~~~~~~~~~~~.esp
GMST Fix.esp
LightTheWayScriptBM.esp
