base-1.esp
base-3.esp
base-2.esp
foo.esp
fooB.esp
bar.esp
